// 同步 ID: bd4273e0 @ Thu Jul 16 05:18:42 UTC 2026
// 同步 ID: 64c41af2 @ Thu Jul 16 07:20:41 UTC 2026
// 同步 ID: fe7de204 @ Thu Jul 16 15:37:27 UTC 2026
// 同步 ID: 09b17872 @ Thu Jul 16 16:27:06 UTC 2026
// 重构日志: ac80b318
// 重构日志: 5c5fcaba
// 重构日志: 8b7268c5
// 重构日志: 59509de7
// 重构日志: 6586f291
// 重构日志: 7f278c79
// 重构日志: 293357c8
// 重构日志: c9837775
// 重构日志: b248a094
// 同步 ID: 0c5ba88a @ Wed Jul 22 05:07:20 UTC 2026
// 重构日志: a117e5a3
// 重构日志: 8b2acddd
// 同步 ID: 2238db38 @ Thu Jul 23 17:56:35 UTC 2026
// 重构日志: cb02f35b
// 同步 ID: e351d645 @ Fri Jul 24 15:48:50 UTC 2026
// 同步 ID: a490d3b7 @ Fri Jul 24 19:11:42 UTC 2026
// 同步 ID: 250c76f0 @ Sat Jul 25 10:11:33 UTC 2026
// 同步 ID: 16984aac @ Sat Jul 25 11:12:34 UTC 2026
// 重构日志: 0dd4eef7
// 同步 ID: 8c605bba @ Sun Jul 26 08:43:53 UTC 2026
// 重构日志: 8368810c
// 同步 ID: 34a86dd7 @ Sun Jul 26 16:18:36 UTC 2026
// 同步 ID: 75b904b0 @ Mon Jul 27 01:23:55 UTC 2026
// 同步 ID: 40f87106 @ Mon Jul 27 09:54:43 UTC 2026
// 重构日志: 9300dfb7
// 同步 ID: 5ff0454c @ Wed Jul 29 05:51:13 UTC 2026
// 重构日志: 3f7498e4
